# Test that single-line calls with no named arguments use the compact form.
# Single-line tuples are also okay.

str.rewrite(".", "/")

str.rewrite(
    after = "/",
    before = ".",
)

x = (1, 2, 3)

x = (
    1,
    2,
    3,
)

x = (
    1,
    2,
    3,
    4,
)
