# Binary operators

foo = bar + baz

foo = bar - baz

foo = bar * baz

foo = bar / baz

foo = bar // baz

foo = bar % baz

# Unary operators precedence
-1 if not a else -2

# Logic operators
not foo < bar > baz <= foo >= bar != baz in foo == bar or baz

# Augmented assignments

foo += bar

foo -= bar

foo *= bar

foo /= bar

foo //= bar

foo %= bar
