if foo:
    def f():
        """This docstring
        should be moved 4 spaces to the right.

        @returns:
          nothing
        """
        pass

if bar:
    def g():
        """This docstring
        should be moved 8 spaces to the left.

This particular line has just 4 leading spaces, so it should be moved only 4 spaces to the left

        @returns:
          nothing
        """
        pass

if foobar:
    def h():
        """This docstring is already indented properly, therefore shouldn't be touched,
        even the next line that consists only of spaces:

        """

if barfoo:
    def abc():
        " Single-line docstrings aren't changed "
        pass
