x = 123
y = 0o123
z = 0
t = 0x123
foo(bar = [0, 0o0, 0o1, 0o2, 3])
