x = 123

y = 0o123

z = 0

foo(bar = [
    0,
    0o1,
    0o2,
    3,
])
